// Jest Snapshot v1, https://goo.gl/fbAQLP

exports[`test Link component renders correctly 1`] = `
<button
  class="btn btn-primary"
>
  button
</button>
`;
